I'm sorry, but errors were detected in your script. Please correct the
errors listed below, and try again.


File "game/script.rpy", line 42: indentation mismatch.

Ren'Py Version: Ren'Py 7.4.4.1439
Tue May  4 19:11:44 2021
